
🌐 [NOC Dashboard] StreetPhare v5.0
   URL : http://localhost:4000
   LiveMonitor : ws://localhost:3000/_monitor
   Fonctionnalités : Flux temps réel | CLI | Simulateurs | QR | Kick/Ban | Kill Switch

[Admin] Connexion au LiveMonitor : ws://localhost:3000/_monitor
[Admin] Déconnecté du LiveMonitor. Reconnexion dans 5s…
[Admin] Connexion au LiveMonitor : ws://localhost:3000/_monitor
[Admin] Déconnecté du LiveMonitor. Reconnexion dans 5s…
[Admin] Connexion au LiveMonitor : ws://localhost:3000/_monitor
[Admin] Déconnecté du LiveMonitor. Reconnexion dans 5s…
[Admin] Connexion au LiveMonitor : ws://localhost:3000/_monitor
[Admin] Déconnecté du LiveMonitor. Reconnexion dans 5s…
[Admin] Connexion au LiveMonitor : ws://localhost:3000/_monitor
[Admin] Déconnecté du LiveMonitor. Reconnexion dans 5s…
[Admin] Connexion au LiveMonitor : ws://localhost:3000/_monitor
[Admin] Déconnecté du LiveMonitor. Reconnexion dans 5s…
[Admin] Connexion au LiveMonitor : ws://localhost:3000/_monitor
[Admin] Déconnecté du LiveMonitor. Reconnexion dans 5s…
[Admin] Connexion au LiveMonitor : ws://localhost:3000/_monitor
[Admin] Déconnecté du LiveMonitor. Reconnexion dans 5s…
[Admin] Connexion au LiveMonitor : ws://localhost:3000/_monitor
[Admin] Déconnecté du LiveMonitor. Reconnexion dans 5s…
[Admin] Connexion au LiveMonitor : ws://localhost:3000/_monitor
[Admin] Déconnecté du LiveMonitor. Reconnexion dans 5s…
[Admin] Connexion au LiveMonitor : ws://localhost:3000/_monitor
[Admin] Déconnecté du LiveMonitor. Reconnexion dans 5s…
[Admin] Connexion au LiveMonitor : ws://localhost:3000/_monitor
[Admin] Déconnecté du LiveMonitor. Reconnexion dans 5s…
[Admin] Connexion au LiveMonitor : ws://localhost:3000/_monitor
[Admin] Déconnecté du LiveMonitor. Reconnexion dans 5s…
[Admin] Connexion au LiveMonitor : ws://localhost:3000/_monitor
[Admin] Déconnecté du LiveMonitor. Reconnexion dans 5s…
[Admin] Connexion au LiveMonitor : ws://localhost:3000/_monitor
[Admin] Déconnecté du LiveMonitor. Reconnexion dans 5s…
[Admin] Connexion au LiveMonitor : ws://localhost:3000/_monitor
[Admin] Déconnecté du LiveMonitor. Reconnexion dans 5s…
[Admin] Connexion au LiveMonitor : ws://localhost:3000/_monitor
[Admin] Déconnecté du LiveMonitor. Reconnexion dans 5s…
[Admin] Connexion au LiveMonitor : ws://localhost:3000/_monitor
[Admin] Déconnecté du LiveMonitor. Reconnexion dans 5s…
[Admin] Connexion au LiveMonitor : ws://localhost:3000/_monitor
[Admin] Déconnecté du LiveMonitor. Reconnexion dans 5s…
[Admin] Connexion au LiveMonitor : ws://localhost:3000/_monitor
[Admin] Déconnecté du LiveMonitor. Reconnexion dans 5s…
[Admin] Connexion au LiveMonitor : ws://localhost:3000/_monitor
[Admin] Déconnecté du LiveMonitor. Reconnexion dans 5s…
[Admin] Connexion au LiveMonitor : ws://localhost:3000/_monitor
[Admin] Déconnecté du LiveMonitor. Reconnexion dans 5s…
[Admin] Connexion au LiveMonitor : ws://localhost:3000/_monitor
[Admin] Déconnecté du LiveMonitor. Reconnexion dans 5s…
[Admin] Connexion au LiveMonitor : ws://localhost:3000/_monitor
[Admin] Déconnecté du LiveMonitor. Reconnexion dans 5s…
[Admin] Connexion au LiveMonitor : ws://localhost:3000/_monitor
[Admin] Déconnecté du LiveMonitor. Reconnexion dans 5s…
[Admin] Connexion au LiveMonitor : ws://localhost:3000/_monitor
[Admin] Déconnecté du LiveMonitor. Reconnexion dans 5s…
[Admin] Connexion au LiveMonitor : ws://localhost:3000/_monitor
[Admin] Déconnecté du LiveMonitor. Reconnexion dans 5s…
[Admin] Connexion au LiveMonitor : ws://localhost:3000/_monitor
[Admin] Déconnecté du LiveMonitor. Reconnexion dans 5s…
[Admin] Connexion au LiveMonitor : ws://localhost:3000/_monitor
[Admin] Déconnecté du LiveMonitor. Reconnexion dans 5s…
[Admin] Connexion au LiveMonitor : ws://localhost:3000/_monitor
[Admin] Déconnecté du LiveMonitor. Reconnexion dans 5s…
[Admin] Connexion au LiveMonitor : ws://localhost:3000/_monitor
[Admin] Déconnecté du LiveMonitor. Reconnexion dans 5s…
[Admin] Connexion au LiveMonitor : ws://localhost:3000/_monitor
[Admin] Déconnecté du LiveMonitor. Reconnexion dans 5s…
[Admin] Connexion au LiveMonitor : ws://localhost:3000/_monitor
[Admin] Déconnecté du LiveMonitor. Reconnexion dans 5s…
[Admin] Connexion au LiveMonitor : ws://localhost:3000/_monitor
[Admin] Déconnecté du LiveMonitor. Reconnexion dans 5s…
[Admin] Connexion au LiveMonitor : ws://localhost:3000/_monitor
[Admin] Déconnecté du LiveMonitor. Reconnexion dans 5s…

🌐 [NOC Dashboard] StreetPhare v5.0
   URL : http://localhost:4000
   LiveMonitor : ws://localhost:3000/_monitor
   Fonctionnalités : Flux temps réel | CLI | Simulateurs | QR | Kick/Ban | Kill Switch

[Admin] Connexion au LiveMonitor : ws://localhost:3000/_monitor
[Admin] Déconnecté du LiveMonitor. Reconnexion dans 5s…
[Admin] Connexion au LiveMonitor : ws://localhost:3000/_monitor
[Admin] Déconnecté du LiveMonitor. Reconnexion dans 5s…
[Admin] Connexion au LiveMonitor : ws://localhost:3000/_monitor
[Admin] Déconnecté du LiveMonitor. Reconnexion dans 5s…
[Admin] Connexion au LiveMonitor : ws://localhost:3000/_monitor
[Admin] Déconnecté du LiveMonitor. Reconnexion dans 5s…
[Admin] Connexion au LiveMonitor : ws://localhost:3000/_monitor
[Admin] Déconnecté du LiveMonitor. Reconnexion dans 5s…
[Admin] Connexion au LiveMonitor : ws://localhost:3000/_monitor
[Admin] Déconnecté du LiveMonitor. Reconnexion dans 5s…
[Admin] Connexion au LiveMonitor : ws://localhost:3000/_monitor
[Admin] Déconnecté du LiveMonitor. Reconnexion dans 5s…
[Admin] Connexion au LiveMonitor : ws://localhost:3000/_monitor
[Admin] Déconnecté du LiveMonitor. Reconnexion dans 5s…
[Admin] Connexion au LiveMonitor : ws://localhost:3000/_monitor
[Admin] Déconnecté du LiveMonitor. Reconnexion dans 5s…
[Admin] Connexion au LiveMonitor : ws://localhost:3000/_monitor
[Admin] Déconnecté du LiveMonitor. Reconnexion dans 5s…
[Admin] Connexion au LiveMonitor : ws://localhost:3000/_monitor
[Admin] Déconnecté du LiveMonitor. Reconnexion dans 5s…
[Admin] Connexion au LiveMonitor : ws://localhost:3000/_monitor
[Admin] Déconnecté du LiveMonitor. Reconnexion dans 5s…
[Admin] Connexion au LiveMonitor : ws://localhost:3000/_monitor
[Admin] Déconnecté du LiveMonitor. Reconnexion dans 5s…
[Admin] Connexion au LiveMonitor : ws://localhost:3000/_monitor
[Admin] Déconnecté du LiveMonitor. Reconnexion dans 5s…
[Admin] Connexion au LiveMonitor : ws://localhost:3000/_monitor
[Admin] Déconnecté du LiveMonitor. Reconnexion dans 5s…
[Admin] Connexion au LiveMonitor : ws://localhost:3000/_monitor
[Admin] Déconnecté du LiveMonitor. Reconnexion dans 5s…
[Admin] Connexion au LiveMonitor : ws://localhost:3000/_monitor
[Admin] Déconnecté du LiveMonitor. Reconnexion dans 5s…
[Admin] Connexion au LiveMonitor : ws://localhost:3000/_monitor
[Admin] Déconnecté du LiveMonitor. Reconnexion dans 5s…
[Admin] Connexion au LiveMonitor : ws://localhost:3000/_monitor
[Admin] Déconnecté du LiveMonitor. Reconnexion dans 5s…
[Admin] Connexion au LiveMonitor : ws://localhost:3000/_monitor
[Admin] Déconnecté du LiveMonitor. Reconnexion dans 5s…
[Admin] Connexion au LiveMonitor : ws://localhost:3000/_monitor
[Admin] Déconnecté du LiveMonitor. Reconnexion dans 5s…
[Admin] Connexion au LiveMonitor : ws://localhost:3000/_monitor
[Admin] Déconnecté du LiveMonitor. Reconnexion dans 5s…
[Admin] Connexion au LiveMonitor : ws://localhost:3000/_monitor
[Admin] Déconnecté du LiveMonitor. Reconnexion dans 5s…
[Admin] Connexion au LiveMonitor : ws://localhost:3000/_monitor
[Admin] Déconnecté du LiveMonitor. Reconnexion dans 5s…
[Admin] Connexion au LiveMonitor : ws://localhost:3000/_monitor
[Admin] Déconnecté du LiveMonitor. Reconnexion dans 5s…
[Admin] Connexion au LiveMonitor : ws://localhost:3000/_monitor
[Admin] Déconnecté du LiveMonitor. Reconnexion dans 5s…
[Admin] Connexion au LiveMonitor : ws://localhost:3000/_monitor
[Admin] Déconnecté du LiveMonitor. Reconnexion dans 5s…
[Admin] Connexion au LiveMonitor : ws://localhost:3000/_monitor
[Admin] Déconnecté du LiveMonitor. Reconnexion dans 5s…
[Admin] Connexion au LiveMonitor : ws://localhost:3000/_monitor
[Admin] Déconnecté du LiveMonitor. Reconnexion dans 5s…
[Admin] Connexion au LiveMonitor : ws://localhost:3000/_monitor
[Admin] Déconnecté du LiveMonitor. Reconnexion dans 5s…
[Admin] Connexion au LiveMonitor : ws://localhost:3000/_monitor
[Admin] Déconnecté du LiveMonitor. Reconnexion dans 5s…
[Admin] Connexion au LiveMonitor : ws://localhost:3000/_monitor
[Admin] Déconnecté du LiveMonitor. Reconnexion dans 5s…
[Admin] Connexion au LiveMonitor : ws://localhost:3000/_monitor
[Admin] Déconnecté du LiveMonitor. Reconnexion dans 5s…
[Admin] Connexion au LiveMonitor : ws://localhost:3000/_monitor
[Admin] Déconnecté du LiveMonitor. Reconnexion dans 5s…
[Admin] Connexion au LiveMonitor : ws://localhost:3000/_monitor
[Admin] Déconnecté du LiveMonitor. Reconnexion dans 5s…
[Admin] Connexion au LiveMonitor : ws://localhost:3000/_monitor
[Admin] Déconnecté du LiveMonitor. Reconnexion dans 5s…
[Admin] Connexion au LiveMonitor : ws://localhost:3000/_monitor
[Admin] Déconnecté du LiveMonitor. Reconnexion dans 5s…
[Admin] Connexion au LiveMonitor : ws://localhost:3000/_monitor
[Admin] Déconnecté du LiveMonitor. Reconnexion dans 5s…
[Admin] Connexion au LiveMonitor : ws://localhost:3000/_monitor
[Admin] Déconnecté du LiveMonitor. Reconnexion dans 5s…
[Admin] Connexion au LiveMonitor : ws://localhost:3000/_monitor
[Admin] Déconnecté du LiveMonitor. Reconnexion dans 5s…
[Admin] Connexion au LiveMonitor : ws://localhost:3000/_monitor
[Admin] Déconnecté du LiveMonitor. Reconnexion dans 5s…
[Admin] Connexion au LiveMonitor : ws://localhost:3000/_monitor
[Admin] Déconnecté du LiveMonitor. Reconnexion dans 5s…
[Admin] Connexion au LiveMonitor : ws://localhost:3000/_monitor
[Admin] Déconnecté du LiveMonitor. Reconnexion dans 5s…
[Admin] Connexion au LiveMonitor : ws://localhost:3000/_monitor
[Admin] Déconnecté du LiveMonitor. Reconnexion dans 5s…
[Admin] Connexion au LiveMonitor : ws://localhost:3000/_monitor
[Admin] Déconnecté du LiveMonitor. Reconnexion dans 5s…
[Admin] Connexion au LiveMonitor : ws://localhost:3000/_monitor
[Admin] Déconnecté du LiveMonitor. Reconnexion dans 5s…
[Admin] Connexion au LiveMonitor : ws://localhost:3000/_monitor
[Admin] Déconnecté du LiveMonitor. Reconnexion dans 5s…
[Admin] Connexion au LiveMonitor : ws://localhost:3000/_monitor
[Admin] Déconnecté du LiveMonitor. Reconnexion dans 5s…
[Admin] Connexion au LiveMonitor : ws://localhost:3000/_monitor
[Admin] Déconnecté du LiveMonitor. Reconnexion dans 5s…
[Admin] Connexion au LiveMonitor : ws://localhost:3000/_monitor
[Admin] Déconnecté du LiveMonitor. Reconnexion dans 5s…

🌐 [NOC Dashboard] StreetPhare v5.0
   URL : http://localhost:4000
   LiveMonitor : ws://localhost:3000/_monitor
   Fonctionnalités : Flux temps réel | CLI | Simulateurs | QR | Kick/Ban | Kill Switch

[Admin] Connexion au LiveMonitor : ws://localhost:3000/_monitor
[Admin] ✅ Connecté au LiveMonitor
[Admin] Snapshot reçu du LiveMonitor
[Admin] Broadcast relayé → 404
[Admin] Broadcast relayé → 404
[Admin] Déconnecté du LiveMonitor. Reconnexion dans 5s…
[Admin] Connexion au LiveMonitor : ws://localhost:3000/_monitor
[Admin] Déconnecté du LiveMonitor. Reconnexion dans 5s…
[Admin] Connexion au LiveMonitor : ws://localhost:3000/_monitor
[Admin] Déconnecté du LiveMonitor. Reconnexion dans 5s…

🌐 [NOC Dashboard] StreetPhare v5.0
   URL : http://localhost:4000
   LiveMonitor : ws://localhost:3000/_monitor
   Fonctionnalités : Flux temps réel | CLI | Simulateurs | QR | Kick/Ban | Kill Switch

[Admin] Connexion au LiveMonitor : ws://localhost:3000/_monitor
[Admin] Déconnecté du LiveMonitor. Reconnexion dans 5s…
[Admin] Connexion au LiveMonitor : ws://localhost:3000/_monitor
[Admin] ✅ Connecté au LiveMonitor
[Admin] Snapshot reçu du LiveMonitor
[Admin] Broadcast relayé → 404

🌐 [NOC Dashboard] StreetPhare v5.0
   URL locale : http://localhost:4000
   URL réseau : http://192.168.31.18:4000
   Adresses   : 192.168.31.18
   LiveMonitor : ws://localhost:3000/_monitor
   Fonctionnalités : Flux temps réel | CLI | Simulateurs | QR | Kick/Ban | Kill Switch

[Admin] Connexion au LiveMonitor : ws://localhost:3000/_monitor
[Admin] Déconnecté du LiveMonitor. Reconnexion dans 5s…
[Admin] Connexion au LiveMonitor : ws://localhost:3000/_monitor
[Admin] ✅ Connecté au LiveMonitor
[Admin] Snapshot reçu du LiveMonitor
