Debugger attached.
[Admin] Erreur WebSocket LiveMonitor: 
[Admin] Erreur WebSocket LiveMonitor: socket hang up
[Admin] Erreur WebSocket LiveMonitor: socket hang up
[Admin] Erreur WebSocket LiveMonitor: socket hang up
[Admin] Erreur WebSocket LiveMonitor: socket hang up
[Admin] Erreur WebSocket LiveMonitor: socket hang up
[Admin] Erreur WebSocket LiveMonitor: socket hang up
[Admin] Erreur WebSocket LiveMonitor: socket hang up
[Admin] Erreur WebSocket LiveMonitor: socket hang up
[Admin] Erreur WebSocket LiveMonitor: socket hang up
[Admin] Erreur WebSocket LiveMonitor: socket hang up
[Admin] Erreur WebSocket LiveMonitor: socket hang up
[Admin] Erreur WebSocket LiveMonitor: socket hang up
[Admin] Erreur WebSocket LiveMonitor: socket hang up
[Admin] Erreur WebSocket LiveMonitor: socket hang up
[Admin] Erreur WebSocket LiveMonitor: socket hang up
[Admin] Erreur WebSocket LiveMonitor: socket hang up
[Admin] Erreur WebSocket LiveMonitor: socket hang up
[Admin] Erreur WebSocket LiveMonitor: socket hang up
[Admin] Erreur WebSocket LiveMonitor: socket hang up
[Admin] Erreur WebSocket LiveMonitor: socket hang up
[Admin] Erreur WebSocket LiveMonitor: socket hang up
[Admin] Erreur WebSocket LiveMonitor: socket hang up
[Admin] Erreur WebSocket LiveMonitor: socket hang up
[Admin] Erreur WebSocket LiveMonitor: socket hang up
[Admin] Erreur WebSocket LiveMonitor: socket hang up
[Admin] Erreur WebSocket LiveMonitor: socket hang up
[Admin] Erreur WebSocket LiveMonitor: socket hang up
[Admin] Erreur WebSocket LiveMonitor: socket hang up
[Admin] Erreur WebSocket LiveMonitor: socket hang up
[Admin] Erreur WebSocket LiveMonitor: socket hang up
[Admin] Erreur WebSocket LiveMonitor: socket hang up
[Admin] Erreur WebSocket LiveMonitor: socket hang up
[Admin] Erreur WebSocket LiveMonitor: socket hang up
[Admin] Erreur WebSocket LiveMonitor: socket hang up
Debugger attached.
[Admin] Erreur WebSocket LiveMonitor: 
[Admin] Erreur WebSocket LiveMonitor: 
[Admin] Erreur WebSocket LiveMonitor: 
[Admin] Erreur WebSocket LiveMonitor: 
[Admin] Erreur WebSocket LiveMonitor: 
[Admin] Erreur WebSocket LiveMonitor: 
[Admin] Erreur WebSocket LiveMonitor: 
[Admin] Erreur WebSocket LiveMonitor: 
[Admin] Erreur WebSocket LiveMonitor: 
[Admin] Erreur WebSocket LiveMonitor: 
[Admin] Erreur WebSocket LiveMonitor: 
[Admin] Erreur WebSocket LiveMonitor: 
[Admin] Erreur WebSocket LiveMonitor: 
[Admin] Erreur WebSocket LiveMonitor: 
[Admin] Erreur WebSocket LiveMonitor: 
[Admin] Erreur WebSocket LiveMonitor: 
[Admin] Erreur WebSocket LiveMonitor: 
Debugger attached.
Waiting for the debugger to disconnect...
C:\Projets\StreetPhare\test_servers\server_primary_v2.js:443
liveMonitor.configureNoServer();
            ^

TypeError: liveMonitor.configureNoServer is not a function
    at Object.<anonymous> (C:\Projets\StreetPhare\test_servers\server_primary_v2.js:443:13)
    at Module._compile (node:internal/modules/cjs/loader:1873:14)
    at Object..js (node:internal/modules/cjs/loader:2013:10)
    at Module.load (node:internal/modules/cjs/loader:1596:32)
    at Module._load (node:internal/modules/cjs/loader:1398:12)
    at wrapModuleLoad (node:internal/modules/cjs/loader:255:19)
    at Module.executeUserEntryPoint [as runMain] (node:internal/modules/run_main:154:5)
    at node:internal/main/run_main_module:33:47

Node.js v26.3.0
[Admin] Erreur WebSocket LiveMonitor: 
[Admin] Erreur WebSocket LiveMonitor: 
[Admin] Erreur WebSocket LiveMonitor: 
[Admin] Erreur WebSocket LiveMonitor: 
[Admin] Erreur WebSocket LiveMonitor: 
[Admin] Erreur WebSocket LiveMonitor: 
[Admin] Erreur WebSocket LiveMonitor: 
[Admin] Erreur WebSocket LiveMonitor: 
[Admin] Erreur WebSocket LiveMonitor: 
[Admin] Erreur WebSocket LiveMonitor: 
[Admin] Erreur WebSocket LiveMonitor: 
[Admin] Erreur WebSocket LiveMonitor: 
[Admin] Erreur WebSocket LiveMonitor: 
[Admin] Erreur WebSocket LiveMonitor: 
[Admin] Erreur WebSocket LiveMonitor: 
[Admin] Erreur WebSocket LiveMonitor: 
[Admin] Erreur WebSocket LiveMonitor: 
[Admin] Erreur WebSocket LiveMonitor: 
[Admin] Erreur WebSocket LiveMonitor: 
[Admin] Erreur WebSocket LiveMonitor: 
[Admin] Erreur WebSocket LiveMonitor: 
[Admin] Erreur WebSocket LiveMonitor: 
[Admin] Erreur WebSocket LiveMonitor: 
[Admin] Erreur WebSocket LiveMonitor: 
[Admin] Erreur WebSocket LiveMonitor: 
[Admin] Erreur WebSocket LiveMonitor: 
[Admin] Erreur WebSocket LiveMonitor: 
[Admin] Erreur WebSocket LiveMonitor: 
[Admin] Erreur WebSocket LiveMonitor: 
[Admin] Erreur WebSocket LiveMonitor: 
[Admin] Erreur WebSocket LiveMonitor: 
[Admin] Erreur WebSocket LiveMonitor: 
[Admin] Erreur WebSocket LiveMonitor: 
Debugger attached.
Waiting for the debugger to disconnect...
node:events:487
      throw er; // Unhandled 'error' event
      ^

Error: listen EADDRINUSE: address already in use :::4000
    at Server.setupListenHandle [as _listen2] (node:net:2008:16)
    at listenInCluster (node:net:2065:12)
    at Server.listen (node:net:2170:7)
    at Object.<anonymous> (C:\Projets\StreetPhare\test_servers\admin_dashboard_v2.js:1383:8)
    at Module._compile (node:internal/modules/cjs/loader:1873:14)
    at Object..js (node:internal/modules/cjs/loader:2013:10)
    at Module.load (node:internal/modules/cjs/loader:1596:32)
    at Module._load (node:internal/modules/cjs/loader:1398:12)
    at wrapModuleLoad (node:internal/modules/cjs/loader:255:19)
    at Module.executeUserEntryPoint [as runMain] (node:internal/modules/run_main:154:5)
Emitted 'error' event on Server instance at:
    at emitErrorNT (node:net:2044:8)
    at process.processTicksAndRejections (node:internal/process/task_queues:90:21) {
  code: 'EADDRINUSE',
  errno: -4091,
  syscall: 'listen',
  address: '::',
  port: 4000
}

Node.js v26.3.0
Debugger attached.
[Admin] Erreur WebSocket LiveMonitor: 
[Admin] Erreur WebSocket LiveMonitor: 
Debugger attached.
[Admin] Erreur WebSocket LiveMonitor: 
Debugger attached.
[Admin] Erreur WebSocket LiveMonitor: 
